07-07 21:51:38.796  3452  3535 I godot   : [JS] [native-release-checks] summary passed=16 info=8 failed=0
07-07 21:51:38.796  3452  3535 I godot   : [JS] [native-release-checks] pass WebSocket: constructor and ready states available
07-07 21:51:38.796  3452  3535 I godot   : [JS] [native-release-checks] pass navigator.onLine: online/offline events dispatched
07-07 21:51:38.796  3452  3535 I godot   : [JS] [native-release-checks] pass localStorage: write/read succeeded
07-07 21:51:38.796  3452  3535 I godot   : [JS] [native-release-checks] pass sessionStorage: write/read succeeded
07-07 21:51:38.796  3452  3535 I godot   : [JS] [native-release-checks] info storage restart marker: marker created; restart app and run again
07-07 21:51:38.796  3452  3535 I godot   : [JS] [native-release-checks] pass fetch: HEAD https://example.com/ -> 200
07-07 21:51:38.796  3452  3535 I godot   : [JS] [native-release-checks] pass checkNetworkReachability: example.com reachable
07-07 21:51:38.796  3452  3535 I godot   : [JS] [native-release-checks] pass navigator.permissions.query:camera: prompt
07-07 21:51:38.796  3452  3535 I godot   : [JS] [native-release-checks] pass navigator.permissions.query:geolocation: prompt
07-07 21:51:38.796  3452  3535 I godot   : [JS] [native-release-checks] pass navigator.permissions.query:microphone: prompt
07-07 21:51:38.796  3452  3535 I godot   : [JS] [native-release-checks] pass navigator.permissions.query:clipboard-read: granted
07-07 21:51:38.796  3452  3535 I godot   : [JS] [native-release-checks] pass navigator.permissions.query:accelerometer: granted
07-07 21:51:38.796  3452  3535 I godot   : [JS] [native-release-checks] pass navigator.clipboard: write/read succeeded
07-07 21:51:38.796  3452  3535 I godot   : [JS] [native-release-checks] info permissions adapter: missing-plugin
07-07 21:51:38.796  3452  3535 I godot   : [JS] [native-release-checks] info geolocation adapter: missing-plugin
07-07 21:51:38.796  3452  3535 I godot   : [JS] [native-release-checks] info media-devices adapter: missing-plugin
07-07 21:51:38.796  3452  3535 I godot   : [JS] [native-release-checks] info navigator.mediaDevices.getUserMedia: missing-plugin
07-07 21:51:38.796  3452  3535 I godot   : [JS] [native-release-checks] info navigator.geolocation: missing-plugin
07-07 21:51:38.796  3452  3535 I godot   : [JS] [native-release-checks] pass navigator.vibrate: supported=true accepted=true
07-07 21:51:38.796  3452  3535 I godot   : [JS] [native-release-checks] pass readDeviceMotion: accel=0.00,0.00,0.00 absolute=false
07-07 21:51:38.797  3452  3535 I godot   : [JS] [native-release-checks] pass SafeAreaView/KeyboardAvoidingView: screen is rendered inside both layout primitives
07-07 21:51:38.797  3452  3535 I godot   : [JS] [native-release-checks] pass native lifecycle listener: window lifecycle callback installed
07-07 21:51:38.797  3452  3535 I godot   : [JS] [native-release-checks] info Android back handling: not exercised in this runtime yet
07-07 21:51:38.797  3452  3535 I godot   : [JS] [native-release-checks] info background/foreground lifecycle: blur=0 focus=0
07-07 21:52:01.660  3689  3712 I godot   : [JS] [native-release-checks] summary passed=17 info=7 failed=0
07-07 21:52:01.661  3689  3712 I godot   : [JS] [native-release-checks] pass WebSocket: constructor and ready states available
07-07 21:52:01.661  3689  3712 I godot   : [JS] [native-release-checks] pass navigator.onLine: online/offline events dispatched
07-07 21:52:01.661  3689  3712 I godot   : [JS] [native-release-checks] pass localStorage: write/read succeeded
07-07 21:52:01.661  3689  3712 I godot   : [JS] [native-release-checks] pass sessionStorage: write/read succeeded
07-07 21:52:01.661  3689  3712 I godot   : [JS] [native-release-checks] pass storage restart marker: localStorage restored and sessionStorage reset for this runtime
07-07 21:52:01.661  3689  3712 I godot   : [JS] [native-release-checks] pass fetch: HEAD https://example.com/ -> 200
07-07 21:52:01.661  3689  3712 I godot   : [JS] [native-release-checks] pass checkNetworkReachability: example.com reachable
07-07 21:52:01.661  3689  3712 I godot   : [JS] [native-release-checks] pass navigator.permissions.query:camera: prompt
07-07 21:52:01.661  3689  3712 I godot   : [JS] [native-release-checks] pass navigator.permissions.query:geolocation: prompt
07-07 21:52:01.661  3689  3712 I godot   : [JS] [native-release-checks] pass navigator.permissions.query:microphone: prompt
07-07 21:52:01.661  3689  3712 I godot   : [JS] [native-release-checks] pass navigator.permissions.query:clipboard-read: granted
07-07 21:52:01.661  3689  3712 I godot   : [JS] [native-release-checks] pass navigator.permissions.query:accelerometer: granted
07-07 21:52:01.661  3689  3712 I godot   : [JS] [native-release-checks] pass navigator.clipboard: write/read succeeded
07-07 21:52:01.661  3689  3712 I godot   : [JS] [native-release-checks] info permissions adapter: missing-plugin
07-07 21:52:01.661  3689  3712 I godot   : [JS] [native-release-checks] info geolocation adapter: missing-plugin
07-07 21:52:01.661  3689  3712 I godot   : [JS] [native-release-checks] info media-devices adapter: missing-plugin
07-07 21:52:01.661  3689  3712 I godot   : [JS] [native-release-checks] info navigator.mediaDevices.getUserMedia: missing-plugin
07-07 21:52:01.661  3689  3712 I godot   : [JS] [native-release-checks] info navigator.geolocation: missing-plugin
07-07 21:52:01.661  3689  3712 I godot   : [JS] [native-release-checks] pass navigator.vibrate: supported=true accepted=true
07-07 21:52:01.661  3689  3712 I godot   : [JS] [native-release-checks] pass readDeviceMotion: accel=0.00,0.00,0.00 absolute=false
07-07 21:52:01.661  3689  3712 I godot   : [JS] [native-release-checks] pass SafeAreaView/KeyboardAvoidingView: screen is rendered inside both layout primitives
07-07 21:52:01.661  3689  3712 I godot   : [JS] [native-release-checks] pass native lifecycle listener: window lifecycle callback installed
07-07 21:52:01.661  3689  3712 I godot   : [JS] [native-release-checks] info Android back handling: not exercised in this runtime yet
07-07 21:52:01.661  3689  3712 I godot   : [JS] [native-release-checks] info background/foreground lifecycle: blur=0 focus=0
07-07 21:52:16.798  3689  3712 I godot   : [JS] [native-release-checks] summary passed=18 info=6 failed=0
07-07 21:52:16.798  3689  3712 I godot   : [JS] [native-release-checks] pass WebSocket: constructor and ready states available
07-07 21:52:16.798  3689  3712 I godot   : [JS] [native-release-checks] pass navigator.onLine: online/offline events dispatched
07-07 21:52:16.798  3689  3712 I godot   : [JS] [native-release-checks] pass localStorage: write/read succeeded
07-07 21:52:16.798  3689  3712 I godot   : [JS] [native-release-checks] pass sessionStorage: write/read succeeded
07-07 21:52:16.798  3689  3712 I godot   : [JS] [native-release-checks] pass storage restart marker: restart validation recorded at 2026-07-07T12:52:00.506Z
07-07 21:52:16.798  3689  3712 I godot   : [JS] [native-release-checks] pass fetch: HEAD https://example.com/ -> 200
07-07 21:52:16.798  3689  3712 I godot   : [JS] [native-release-checks] pass checkNetworkReachability: example.com reachable
07-07 21:52:16.798  3689  3712 I godot   : [JS] [native-release-checks] pass navigator.permissions.query:camera: prompt
07-07 21:52:16.798  3689  3712 I godot   : [JS] [native-release-checks] pass navigator.permissions.query:geolocation: prompt
07-07 21:52:16.798  3689  3712 I godot   : [JS] [native-release-checks] pass navigator.permissions.query:microphone: prompt
07-07 21:52:16.798  3689  3712 I godot   : [JS] [native-release-checks] pass navigator.permissions.query:clipboard-read: granted
07-07 21:52:16.798  3689  3712 I godot   : [JS] [native-release-checks] pass navigator.permissions.query:accelerometer: granted
07-07 21:52:16.798  3689  3712 I godot   : [JS] [native-release-checks] pass navigator.clipboard: write/read succeeded
07-07 21:52:16.798  3689  3712 I godot   : [JS] [native-release-checks] info permissions adapter: missing-plugin
07-07 21:52:16.798  3689  3712 I godot   : [JS] [native-release-checks] info geolocation adapter: missing-plugin
07-07 21:52:16.798  3689  3712 I godot   : [JS] [native-release-checks] info media-devices adapter: missing-plugin
07-07 21:52:16.798  3689  3712 I godot   : [JS] [native-release-checks] info navigator.mediaDevices.getUserMedia: missing-plugin
07-07 21:52:16.798  3689  3712 I godot   : [JS] [native-release-checks] info navigator.geolocation: missing-plugin
07-07 21:52:16.798  3689  3712 I godot   : [JS] [native-release-checks] pass navigator.vibrate: supported=true accepted=true
07-07 21:52:16.798  3689  3712 I godot   : [JS] [native-release-checks] pass readDeviceMotion: accel=0.00,0.00,0.00 absolute=false
07-07 21:52:16.798  3689  3712 I godot   : [JS] [native-release-checks] pass SafeAreaView/KeyboardAvoidingView: screen is rendered inside both layout primitives
07-07 21:52:16.798  3689  3712 I godot   : [JS] [native-release-checks] pass native lifecycle listener: window lifecycle callback installed
07-07 21:52:16.798  3689  3712 I godot   : [JS] [native-release-checks] pass Android back handling: requests=1 last=navigate-home
07-07 21:52:16.798  3689  3712 I godot   : [JS] [native-release-checks] info background/foreground lifecycle: blur=0 focus=0
07-07 21:52:35.017  3689  3712 I godot   : [JS] [native-release-checks] summary passed=19 info=5 failed=0
07-07 21:52:35.018  3689  3712 I godot   : [JS] [native-release-checks] pass WebSocket: constructor and ready states available
07-07 21:52:35.018  3689  3712 I godot   : [JS] [native-release-checks] pass navigator.onLine: online/offline events dispatched
07-07 21:52:35.018  3689  3712 I godot   : [JS] [native-release-checks] pass localStorage: write/read succeeded
07-07 21:52:35.018  3689  3712 I godot   : [JS] [native-release-checks] pass sessionStorage: write/read succeeded
07-07 21:52:35.018  3689  3712 I godot   : [JS] [native-release-checks] pass storage restart marker: restart validation recorded at 2026-07-07T12:52:00.506Z
07-07 21:52:35.018  3689  3712 I godot   : [JS] [native-release-checks] pass fetch: HEAD https://example.com/ -> 200
07-07 21:52:35.018  3689  3712 I godot   : [JS] [native-release-checks] pass checkNetworkReachability: example.com reachable
07-07 21:52:35.018  3689  3712 I godot   : [JS] [native-release-checks] pass navigator.permissions.query:camera: prompt
07-07 21:52:35.018  3689  3712 I godot   : [JS] [native-release-checks] pass navigator.permissions.query:geolocation: prompt
07-07 21:52:35.018  3689  3712 I godot   : [JS] [native-release-checks] pass navigator.permissions.query:microphone: prompt
07-07 21:52:35.018  3689  3712 I godot   : [JS] [native-release-checks] pass navigator.permissions.query:clipboard-read: granted
07-07 21:52:35.018  3689  3712 I godot   : [JS] [native-release-checks] pass navigator.permissions.query:accelerometer: granted
07-07 21:52:35.018  3689  3712 I godot   : [JS] [native-release-checks] pass navigator.clipboard: write/read succeeded
07-07 21:52:35.018  3689  3712 I godot   : [JS] [native-release-checks] info permissions adapter: missing-plugin
07-07 21:52:35.018  3689  3712 I godot   : [JS] [native-release-checks] info geolocation adapter: missing-plugin
07-07 21:52:35.018  3689  3712 I godot   : [JS] [native-release-checks] info media-devices adapter: missing-plugin
07-07 21:52:35.018  3689  3712 I godot   : [JS] [native-release-checks] info navigator.mediaDevices.getUserMedia: missing-plugin
07-07 21:52:35.018  3689  3712 I godot   : [JS] [native-release-checks] info navigator.geolocation: missing-plugin
07-07 21:52:35.018  3689  3712 I godot   : [JS] [native-release-checks] pass navigator.vibrate: supported=true accepted=true
07-07 21:52:35.018  3689  3712 I godot   : [JS] [native-release-checks] pass readDeviceMotion: accel=0.00,0.00,0.00 absolute=false
07-07 21:52:35.018  3689  3712 I godot   : [JS] [native-release-checks] pass SafeAreaView/KeyboardAvoidingView: screen is rendered inside both layout primitives
07-07 21:52:35.018  3689  3712 I godot   : [JS] [native-release-checks] pass native lifecycle listener: window lifecycle callback installed
07-07 21:52:35.018  3689  3712 I godot   : [JS] [native-release-checks] pass Android back handling: requests=1 last=navigate-home
07-07 21:52:35.018  3689  3712 I godot   : [JS] [native-release-checks] pass background/foreground lifecycle: blur=1 focus=1
